// Jest Snapshot v1, https://goo.gl/fbAQLP

exports[`PhoneDetailContainer renders PhoneDetailContainer with a phone 1`] = `
<div
  className="container"
>
  <div
    className="imageContainer"
  >
    <img
      alt="Iphone X"
      src="https://img.shoppydoo.es/products/7/apple_iphone_x_64gb-300x300.jpg"
    />
  </div>
  <div
    className="info"
  >
    <h2
      className="title"
    >
      Iphone X
    </h2>
    <p
      className="manufacturer"
    >
      Built by: 
      Apple Inc
    </p>
    <p
      className="price"
    >
      999$
    </p>
    <p
      className="description"
    >
      Lorem fistrum diodeno nostrud te voy a borrar el cerito ut te va a hasé pupitaa. Officia a wan aute irure tiene musho peligro sed nostrud officia qué dise usteer. Jarl labore exercitation reprehenderit consectetur ex. Qué dise usteer irure aliquip officia esse apetecan et ese pedazo de. Ese que llega ut fistro consectetur pupita jarl caballo blanco caballo negroorl reprehenderit. Ut commodo elit nostrud de la pradera se calle ustée. Torpedo ex magna nisi elit.
    </p>
  </div>
</div>
`;
